$ /srv/home/yuechunsun/.elan/toolchains/leanprover--lean4---v4.29.1/bin/lean -o Models.olean Models.lean

$ /srv/home/yuechunsun/.elan/toolchains/leanprover--lean4---v4.29.1/bin/lean -o Spec.olean Spec.lean

$ /srv/home/yuechunsun/.elan/toolchains/leanprover--lean4---v4.29.1/bin/lean -o Proof.olean Proof.lean
'SALT.Corpus.qu8rsum.completeValueEquivalence' depends on axioms: [propext, Classical.choice, Quot.sound]

$ /srv/home/yuechunsun/.elan/toolchains/leanprover--lean4---v4.29.1/bin/lean HelperAudit.lean
'SALT.Corpus.qu8rsum.word_zero_add' depends on axioms: [propext]
'SALT.Corpus.qu8rsum.word_add_zero' depends on axioms: [propext]
'SALT.Corpus.qu8rsum.wordSum_append' depends on axioms: [propext]
'SALT.Corpus.qu8rsum.wordSum_replicate_zero' depends on axioms: [propext]
'SALT.Corpus.qu8rsum.wordSum_foldl' depends on axioms: [propext]
'SALT.Corpus.qu8rsum.byteSum_append' depends on axioms: [propext]
'SALT.Corpus.qu8rsum.byteSum_take_drop' depends on axioms: [propext]
'SALT.Corpus.qu8rsum.vadd_tu_length' depends on axioms: [propext]
'SALT.Corpus.qu8rsum.vadd_tu_sum' depends on axioms: [propext]
'SALT.Corpus.qu8rsum.rvvStep_length' depends on axioms: [propext]
'SALT.Corpus.qu8rsum.rvvStep_conservation' depends on axioms: [propext, Quot.sound]
'SALT.Corpus.qu8rsum.rvvLoop_length' depends on axioms: [propext]
'SALT.Corpus.qu8rsum.rvvLoop_output' depends on axioms: [propext]
'SALT.Corpus.qu8rsum.rvvLoop_input' depends on axioms: [propext]
'SALT.Corpus.qu8rsum.rvvLoop_offset' depends on axioms: [propext]
'SALT.Corpus.qu8rsum.rvvLoop_batch' depends on axioms: [propext]
'SALT.Corpus.qu8rsum.rvvLoop_conservation' depends on axioms: [propext, Quot.sound]
'SALT.Corpus.qu8rsum.rvv_value_eq_byteSum' depends on axioms: [propext, Quot.sound]
'SALT.Corpus.qu8rsum.byte_pair_nat' depends on axioms: [propext, Quot.sound]
'SALT.Corpus.qu8rsum.half_update_nat' depends on axioms: [propext, Quot.sound]
'SALT.Corpus.qu8rsum.half_update_widen' depends on axioms: [propext, Quot.sound]
'SALT.Corpus.qu8rsum.vpadalq_u8_invariant' depends on axioms: [propext, Classical.choice, Quot.sound]
'SALT.Corpus.qu8rsum.pairwiseWiden_word_sum' depends on axioms: [propext]
'SALT.Corpus.qu8rsum.zipWith_word_sum' depends on axioms: [propext, Classical.choice, Quot.sound]
'SALT.Corpus.qu8rsum.pairwiseWiden_length' depends on axioms: [propext, Quot.sound]
'SALT.Corpus.qu8rsum.vpadalq_u16_sum' depends on axioms: [propext, Classical.choice, Quot.sound]
'SALT.Corpus.qu8rsum.neonInner_fields' depends on axioms: [propext, Quot.sound]
'SALT.Corpus.qu8rsum.byteSum_take_split' depends on axioms: [propext, Classical.choice, Quot.sound]
'SALT.Corpus.qu8rsum.neonInner_invariant' depends on axioms: [propext, Classical.choice, Quot.sound]
'SALT.Corpus.qu8rsum.halfSum_zero' does not depend on any axioms
'SALT.Corpus.qu8rsum.halfBound_zero' depends on axioms: [propext]
'SALT.Corpus.qu8rsum.neonFullBlock_sum' depends on axioms: [propext, Classical.choice, Quot.sound]
'SALT.Corpus.qu8rsum.neonFullBlock_fields' depends on axioms: [propext, Classical.choice, Quot.sound]
'SALT.Corpus.qu8rsum.neonOuter_summary' depends on axioms: [propext, Classical.choice, Quot.sound]
'SALT.Corpus.qu8rsum.neon_loop_lane_congr' depends on axioms: [propext]
'SALT.Corpus.qu8rsum.neonRemainderLoop_fields' depends on axioms: [propext, Quot.sound]
'SALT.Corpus.qu8rsum.byteSum_zero' does not depend on any axioms
'SALT.Corpus.qu8rsum.zip_mul_ones' depends on axioms: [propext]
'SALT.Corpus.qu8rsum.zip_mul_zeros' depends on axioms: [propext]
'SALT.Corpus.qu8rsum.maskedTail_split' depends on axioms: [propext]
'SALT.Corpus.qu8rsum.maskedTail_summary' depends on axioms: [propext, Quot.sound]
'SALT.Corpus.qu8rsum.neonTail_fields' depends on axioms: [propext]
'SALT.Corpus.qu8rsum.neonTail_sum' depends on axioms: [propext, Classical.choice, Quot.sound]
'SALT.Corpus.qu8rsum.neonRemainder_summary' depends on axioms: [propext, Classical.choice, Quot.sound]
'SALT.Corpus.qu8rsum.neon_value_eq_byteSum' depends on axioms: [propext, Classical.choice, Quot.sound]
'SALT.Corpus.qu8rsum.completeValueEquivalence' depends on axioms: [propext, Classical.choice, Quot.sound]

$ /srv/home/yuechunsun/.elan/toolchains/leanprover--lean4---v4.29.1/bin/lean TargetAudit.lean
'SALT.Corpus.qu8rsum.completeValueEquivalence' depends on axioms: [propext, Classical.choice, Quot.sound]
