
/srv/home/yuechunsun/tools/lean/research/sail-binary-reduction/out/binaries/neon.elf:	file format elf64-littleaarch64

Disassembly of section .text:

0000000000210250 <_start>:
  210250: 03 00 00 94  	bl	0x21025c <check_kernel>
  210254: a8 0b 80 d2  	mov	x8, #93
  210258: 01 00 00 d4  	svc	#0

000000000021025c <check_kernel>:
  21025c: ff 03 02 d1  	sub	sp, sp, #128
  210260: f4 4f 07 a9  	stp	x20, x19, [sp, #112]
  210264: 2b e0 9d 52  	mov	w11, #61185
  210268: 0c cf 8a 52  	mov	w12, #22136
  21026c: e8 43 00 91  	add	x8, sp, #16
  210270: 94 00 00 90  	adrp	x20, 0x220000 <check_kernel+0x54>
  210274: 8a ff ff 90  	adrp	x10, 0x200000 <test_neon.onemask_table+0x10004>
  210278: fc 6f 03 a9  	stp	x28, x27, [sp, #48]
  21027c: ab 79 b5 72  	movk	w11, #43981, lsl #16
  210280: fa 67 04 a9  	stp	x26, x25, [sp, #64]
  210284: f9 03 1f 2a  	mov	w25, wzr
  210288: f8 5f 05 a9  	stp	x24, x23, [sp, #80]
  21028c: f8 03 1f 2a  	mov	w24, wzr
  210290: 8c 46 a2 72  	movk	w12, #4660, lsl #16
  210294: 08 01 7e b2  	orr	x8, x8, #0x4
  210298: bb 04 80 52  	mov	w27, #37
  21029c: 94 02 19 91  	add	x20, x20, #1600
  2102a0: 4a 81 05 91  	add	x10, x10, #352
  2102a4: 1c 04 84 52  	mov	w28, #8224
  2102a8: fd 7b 02 a9  	stp	x29, x30, [sp, #32]
  2102ac: fd 83 00 91  	add	x29, sp, #32
  2102b0: f6 57 06 a9  	stp	x22, x21, [sp, #96]
  2102b4: e8 07 00 f9  	str	x8, [sp, #8]
  2102b8: e8 03 1f aa  	mov	x8, xzr
  2102bc: 09 7d 1b 1b  	mul	w9, w8, w27
  2102c0: 1f 07 00 71  	cmp	w24, #1
  2102c4: 29 2d 00 11  	add	w9, w9, #11
  2102c8: e9 03 89 1a  	csel	w9, wzr, w9, eq
  2102cc: 1f 03 00 71  	cmp	w24, #0
  2102d0: 29 11 9f 5a  	csinv	w9, w9, wzr, ne
  2102d4: 89 6a 28 38  	strb	w9, [x20, x8]
  2102d8: 08 05 00 91  	add	x8, x8, #1
  2102dc: 1f 01 1c eb  	cmp	x8, x28
  2102e0: e1 fe ff 54  	b.ne	0x2102bc <check_kernel+0x60>
  2102e4: f5 03 1f aa  	mov	x21, xzr
  2102e8: 56 79 75 f8  	ldr	x22, [x10, x21, lsl #3]
  2102ec: f3 03 1f 2a  	mov	w19, wzr
  2102f0: e8 03 14 aa  	mov	x8, x20
  2102f4: ec 7f 02 29  	stp	w12, wzr, [sp, #16]
  2102f8: eb 1b 00 b9  	str	w11, [sp, #24]
  2102fc: df 06 00 f1  	cmp	x22, #1
  210300: da 86 9f 9a  	csinc	x26, x22, xzr, hi
  210304: e9 03 1a aa  	mov	x9, x26
  210308: 0a 15 40 38  	ldrb	w10, [x8], #1
  21030c: 29 05 00 f1  	subs	x9, x9, #1
  210310: 73 02 0a 0b  	add	w19, w19, w10
  210314: a1 ff ff 54  	b.ne	0x210308 <check_kernel+0xac>
  210318: 83 00 00 d0  	adrp	x3, 0x222000 <check_kernel+0x104>
  21031c: e0 03 16 aa  	mov	x0, x22
  210320: e1 03 14 aa  	mov	x1, x20
  210324: e2 07 40 f9  	ldr	x2, [sp, #8]
  210328: 63 80 19 91  	add	x3, x3, #1632
  21032c: 9b 00 00 94  	bl	0x210598 <test_neon>
  210330: e8 17 40 b9  	ldr	w8, [sp, #20]
  210334: 37 07 00 11  	add	w23, w25, #1
  210338: 20 00 80 52  	mov	w0, #1
  21033c: 1f 20 03 d5  	nop
  210340: 29 19 09 10  	adr	x9, #74532
  210344: 1f 01 13 6b  	cmp	w8, w19
  210348: 28 59 39 b8  	str	w8, [x9, w25, uxtw #2]
  21034c: c1 10 00 54  	b.ne	0x210564 <check_kernel+0x308>
  210350: e8 13 40 b9  	ldr	w8, [sp, #16]
  210354: 0c cf 8a 52  	mov	w12, #22136
  210358: 8c 46 a2 72  	movk	w12, #4660, lsl #16
  21035c: 1f 01 0c 6b  	cmp	w8, w12
  210360: 21 10 00 54  	b.ne	0x210564 <check_kernel+0x308>
  210364: e8 1b 40 b9  	ldr	w8, [sp, #24]
  210368: 2b e0 9d 52  	mov	w11, #61185
  21036c: ab 79 b5 72  	movk	w11, #43981, lsl #16
  210370: 1f 01 0b 6b  	cmp	w8, w11
  210374: 81 0f 00 54  	b.ne	0x210564 <check_kernel+0x308>
  210378: e8 03 1f aa  	mov	x8, xzr
  21037c: 09 7d 1b 1b  	mul	w9, w8, w27
  210380: 8a 6a 68 38  	ldrb	w10, [x20, x8]
  210384: 1f 07 00 71  	cmp	w24, #1
  210388: 29 2d 00 11  	add	w9, w9, #11
  21038c: e9 03 89 1a  	csel	w9, wzr, w9, eq
  210390: 1f 03 00 71  	cmp	w24, #0
  210394: 29 11 9f 5a  	csinv	w9, w9, wzr, ne
  210398: 5f 01 29 6b  	cmp	w10, w9, uxtb
  21039c: 21 0e 00 54  	b.ne	0x210560 <check_kernel+0x304>
  2103a0: 08 05 00 91  	add	x8, x8, #1
  2103a4: 1f 01 1c eb  	cmp	x8, x28
  2103a8: a1 fe ff 54  	b.ne	0x21037c <check_kernel+0x120>
  2103ac: 88 00 00 d0  	adrp	x8, 0x222000 <check_kernel+0x198>
  2103b0: f3 01 80 12  	mov	w19, #-16
  2103b4: e9 03 1a aa  	mov	x9, x26
  2103b8: 17 ed 09 b9  	str	w23, [x8, #2540]
  2103bc: e8 03 14 aa  	mov	x8, x20
  2103c0: ec 4f 02 29  	stp	w12, w19, [sp, #16]
  2103c4: eb 1b 00 b9  	str	w11, [sp, #24]
  2103c8: 0a 15 40 38  	ldrb	w10, [x8], #1
  2103cc: 29 05 00 f1  	subs	x9, x9, #1
  2103d0: 73 02 0a 0b  	add	w19, w19, w10
  2103d4: a1 ff ff 54  	b.ne	0x2103c8 <check_kernel+0x16c>
  2103d8: 83 00 00 d0  	adrp	x3, 0x222000 <check_kernel+0x1c4>
  2103dc: e0 03 16 aa  	mov	x0, x22
  2103e0: e1 03 14 aa  	mov	x1, x20
  2103e4: e2 07 40 f9  	ldr	x2, [sp, #8]
  2103e8: 63 80 19 91  	add	x3, x3, #1632
  2103ec: 6b 00 00 94  	bl	0x210598 <test_neon>
  2103f0: 89 00 00 d0  	adrp	x9, 0x222000 <check_kernel+0x1dc>
  2103f4: e8 17 40 b9  	ldr	w8, [sp, #20]
  2103f8: 29 91 19 91  	add	x9, x9, #1636
  2103fc: 20 00 80 52  	mov	w0, #1
  210400: 28 59 37 b8  	str	w8, [x9, w23, uxtw #2]
  210404: 37 0b 00 11  	add	w23, w25, #2
  210408: 1f 01 13 6b  	cmp	w8, w19
  21040c: c1 0a 00 54  	b.ne	0x210564 <check_kernel+0x308>
  210410: e8 13 40 b9  	ldr	w8, [sp, #16]
  210414: 0c cf 8a 52  	mov	w12, #22136
  210418: 8c 46 a2 72  	movk	w12, #4660, lsl #16
  21041c: 1f 01 0c 6b  	cmp	w8, w12
  210420: 21 0a 00 54  	b.ne	0x210564 <check_kernel+0x308>
  210424: e8 1b 40 b9  	ldr	w8, [sp, #24]
  210428: 2b e0 9d 52  	mov	w11, #61185
  21042c: ab 79 b5 72  	movk	w11, #43981, lsl #16
  210430: 1f 01 0b 6b  	cmp	w8, w11
  210434: 81 09 00 54  	b.ne	0x210564 <check_kernel+0x308>
  210438: e8 03 1f aa  	mov	x8, xzr
  21043c: 09 7d 1b 1b  	mul	w9, w8, w27
  210440: 8a 6a 68 38  	ldrb	w10, [x20, x8]
  210444: 1f 07 00 71  	cmp	w24, #1
  210448: 29 2d 00 11  	add	w9, w9, #11
  21044c: e9 03 89 1a  	csel	w9, wzr, w9, eq
  210450: 1f 03 00 71  	cmp	w24, #0
  210454: 29 11 9f 5a  	csinv	w9, w9, wzr, ne
  210458: 5f 01 29 6b  	cmp	w10, w9, uxtb
  21045c: 21 08 00 54  	b.ne	0x210560 <check_kernel+0x304>
  210460: 08 05 00 91  	add	x8, x8, #1
  210464: 1f 01 1c eb  	cmp	x8, x28
  210468: a1 fe ff 54  	b.ne	0x21043c <check_kernel+0x1e0>
  21046c: 88 00 00 d0  	adrp	x8, 0x222000 <check_kernel+0x258>
  210470: 13 00 80 12  	mov	w19, #-1
  210474: 17 ed 09 b9  	str	w23, [x8, #2540]
  210478: e8 03 14 aa  	mov	x8, x20
  21047c: ec 4f 02 29  	stp	w12, w19, [sp, #16]
  210480: eb 1b 00 b9  	str	w11, [sp, #24]
  210484: 09 15 40 38  	ldrb	w9, [x8], #1
  210488: 5a 07 00 f1  	subs	x26, x26, #1
  21048c: 73 02 09 0b  	add	w19, w19, w9
  210490: a1 ff ff 54  	b.ne	0x210484 <check_kernel+0x228>
  210494: 83 00 00 d0  	adrp	x3, 0x222000 <check_kernel+0x280>
  210498: e0 03 16 aa  	mov	x0, x22
  21049c: e1 03 14 aa  	mov	x1, x20
  2104a0: e2 07 40 f9  	ldr	x2, [sp, #8]
  2104a4: 63 80 19 91  	add	x3, x3, #1632
  2104a8: 3c 00 00 94  	bl	0x210598 <test_neon>
  2104ac: e8 17 40 b9  	ldr	w8, [sp, #20]
  2104b0: 39 0f 00 11  	add	w25, w25, #3
  2104b4: 20 00 80 52  	mov	w0, #1
  2104b8: 1f 20 03 d5  	nop
  2104bc: 49 0d 09 10  	adr	x9, #74152
  2104c0: 1f 01 13 6b  	cmp	w8, w19
  2104c4: 28 59 37 b8  	str	w8, [x9, w23, uxtw #2]
  2104c8: 41 06 00 54  	b.ne	0x210590 <check_kernel+0x334>
  2104cc: e8 13 40 b9  	ldr	w8, [sp, #16]
  2104d0: 0c cf 8a 52  	mov	w12, #22136
  2104d4: 8c 46 a2 72  	movk	w12, #4660, lsl #16
  2104d8: 1f 01 0c 6b  	cmp	w8, w12
  2104dc: a1 05 00 54  	b.ne	0x210590 <check_kernel+0x334>
  2104e0: e8 1b 40 b9  	ldr	w8, [sp, #24]
  2104e4: 2b e0 9d 52  	mov	w11, #61185
  2104e8: ab 79 b5 72  	movk	w11, #43981, lsl #16
  2104ec: 1f 01 0b 6b  	cmp	w8, w11
  2104f0: 01 05 00 54  	b.ne	0x210590 <check_kernel+0x334>
  2104f4: e8 03 1f aa  	mov	x8, xzr
  2104f8: 09 7d 1b 1b  	mul	w9, w8, w27
  2104fc: 8a 6a 68 38  	ldrb	w10, [x20, x8]
  210500: 1f 07 00 71  	cmp	w24, #1
  210504: 29 2d 00 11  	add	w9, w9, #11
  210508: e9 03 89 1a  	csel	w9, wzr, w9, eq
  21050c: 1f 03 00 71  	cmp	w24, #0
  210510: 29 11 9f 5a  	csinv	w9, w9, wzr, ne
  210514: 5f 01 29 6b  	cmp	w10, w9, uxtb
  210518: a1 03 00 54  	b.ne	0x21058c <check_kernel+0x330>
  21051c: 08 05 00 91  	add	x8, x8, #1
  210520: 1f 01 1c eb  	cmp	x8, x28
  210524: a1 fe ff 54  	b.ne	0x2104f8 <check_kernel+0x29c>
  210528: 8a ff ff 90  	adrp	x10, 0x200000 <check_kernel+0x28c>
  21052c: b5 06 00 91  	add	x21, x21, #1
  210530: 88 00 00 d0  	adrp	x8, 0x222000 <check_kernel+0x31c>
  210534: 4a 81 05 91  	add	x10, x10, #352
  210538: bf 66 00 f1  	cmp	x21, #25
  21053c: 19 ed 09 b9  	str	w25, [x8, #2540]
  210540: 41 ed ff 54  	b.ne	0x2102e8 <check_kernel+0x8c>
  210544: 18 07 00 11  	add	w24, w24, #1
  210548: 1f 0f 00 71  	cmp	w24, #3
  21054c: 61 eb ff 54  	b.ne	0x2102b8 <check_kernel+0x5c>
  210550: 3f 87 03 71  	cmp	w25, #225
  210554: 68 00 80 52  	mov	w8, #3
  210558: e0 03 88 1a  	csel	w0, wzr, w8, eq
  21055c: 04 00 00 14  	b	0x21056c <check_kernel+0x310>
  210560: 40 00 80 52  	mov	w0, #2
  210564: 88 00 00 d0  	adrp	x8, 0x222000 <test_neon+0x14>
  210568: 17 e9 09 b9  	str	w23, [x8, #2536]
  21056c: f4 4f 47 a9  	ldp	x20, x19, [sp, #112]
  210570: f6 57 46 a9  	ldp	x22, x21, [sp, #96]
  210574: f8 5f 45 a9  	ldp	x24, x23, [sp, #80]
  210578: fa 67 44 a9  	ldp	x26, x25, [sp, #64]
  21057c: fc 6f 43 a9  	ldp	x28, x27, [sp, #48]
  210580: fd 7b 42 a9  	ldp	x29, x30, [sp, #32]
  210584: ff 03 02 91  	add	sp, sp, #128
  210588: c0 03 5f d6  	ret
  21058c: 40 00 80 52  	mov	w0, #2
  210590: f7 03 19 2a  	mov	w23, w25
  210594: f4 ff ff 17  	b	0x210564 <check_kernel+0x308>

0000000000210598 <test_neon>:
  210598: 00 e4 00 6f  	movi	v0.2d, #0000000000000000
  21059c: 1f 00 20 f1  	cmp	x0, #2048
  2105a0: c3 01 00 54  	b.lo	0x2105d8 <test_neon+0x40>
  2105a4: 00 e4 00 6f  	movi	v0.2d, #0000000000000000
  2105a8: 01 e4 00 6f  	movi	v1.2d, #0000000000000000
  2105ac: e8 03 1f aa  	mov	x8, xzr
  2105b0: 22 68 e8 3c  	ldr	q2, [x1, x8]
  2105b4: 08 41 00 91  	add	x8, x8, #16
  2105b8: 1f 01 20 f1  	cmp	x8, #2048
  2105bc: 41 68 20 6e  	uadalp	v1.8h, v2.16b
  2105c0: 81 ff ff 54  	b.ne	0x2105b0 <test_neon+0x18>
  2105c4: 20 68 60 6e  	uadalp	v0.4s, v1.8h
  2105c8: 21 00 20 91  	add	x1, x1, #2048
  2105cc: 00 00 20 d1  	sub	x0, x0, #2048
  2105d0: 1f fc 1f f1  	cmp	x0, #2047
  2105d4: a8 fe ff 54  	b.hi	0x2105a8 <test_neon+0x10>
  2105d8: e0 00 00 b5  	cbnz	x0, 0x2105f4 <test_neon+0x5c>
  2105dc: 00 b8 b1 4e  	addv	s0, v0.4s
  2105e0: 48 00 40 b9  	ldr	w8, [x2]
  2105e4: 09 00 26 1e  	fmov	w9, s0
  2105e8: 08 01 09 0b  	add	w8, w8, w9
  2105ec: 48 00 00 b9  	str	w8, [x2]
  2105f0: c0 03 5f d6  	ret
  2105f4: 01 e4 00 6f  	movi	v1.2d, #0000000000000000
  2105f8: 1f 40 00 f1  	cmp	x0, #16
  2105fc: 03 01 00 54  	b.lo	0x21061c <test_neon+0x84>
  210600: 01 e4 00 6f  	movi	v1.2d, #0000000000000000
  210604: 22 04 c1 3c  	ldr	q2, [x1], #16
  210608: 00 40 00 d1  	sub	x0, x0, #16
  21060c: 1f 3c 00 f1  	cmp	x0, #15
  210610: 41 68 20 6e  	uadalp	v1.8h, v2.16b
  210614: 88 ff ff 54  	b.hi	0x210604 <test_neon+0x6c>
  210618: 00 01 00 b4  	cbz	x0, 0x210638 <test_neon+0xa0>
  21061c: 88 ff ff 90  	adrp	x8, 0x200000 <test_neon+0x44>
  210620: 22 00 c0 3d  	ldr	q2, [x1]
  210624: 08 c1 08 91  	add	x8, x8, #560
  210628: 08 01 00 cb  	sub	x8, x8, x0
  21062c: 03 05 c0 3d  	ldr	q3, [x8, #16]
  210630: 62 9c 22 4e  	mul	v2.16b, v3.16b, v2.16b
  210634: 41 68 20 6e  	uadalp	v1.8h, v2.16b
  210638: 20 68 60 6e  	uadalp	v0.4s, v1.8h
  21063c: e8 ff ff 17  	b	0x2105dc <test_neon+0x44>
